C:\Users\the_j\Desktop\Juego\DungeonParty-A\game\tools\blender\rat\build_rat.py:280: DeprecationWarning: 'Material.use_nodes' is expected to be removed in Blender 6.0
  mat.use_nodes = True
C:\Users\the_j\Desktop\Juego\DungeonParty-A\game\tools\blender\rat\build_rat.py:459: DeprecationWarning: 'World.use_nodes' is expected to be removed in Blender 6.0
  world.use_nodes = True
00:02.391  render           | Saved: 'C:\Users\the_j\Desktop\Juego\DungeonParty-A\game\tools\blender\rat\renders\anim\idle_001.png'
00:02.766  render           | Saved: 'C:\Users\the_j\Desktop\Juego\DungeonParty-A\game\tools\blender\rat\renders\anim\idle_003.png'
00:03.125  render           | Saved: 'C:\Users\the_j\Desktop\Juego\DungeonParty-A\game\tools\blender\rat\renders\anim\idle_005.png'
00:03.516  render           | Saved: 'C:\Users\the_j\Desktop\Juego\DungeonParty-A\game\tools\blender\rat\renders\anim\idle_007.png'
00:03.875  render           | Saved: 'C:\Users\the_j\Desktop\Juego\DungeonParty-A\game\tools\blender\rat\renders\anim\idle_009.png'
00:04.219  render           | Saved: 'C:\Users\the_j\Desktop\Juego\DungeonParty-A\game\tools\blender\rat\renders\anim\idle_011.png'
00:04.578  render           | Saved: 'C:\Users\the_j\Desktop\Juego\DungeonParty-A\game\tools\blender\rat\renders\anim\idle_013.png'
00:04.922  render           | Saved: 'C:\Users\the_j\Desktop\Juego\DungeonParty-A\game\tools\blender\rat\renders\anim\idle_015.png'
00:05.359  render           | Saved: 'C:\Users\the_j\Desktop\Juego\DungeonParty-A\game\tools\blender\rat\renders\anim\idle_017.png'
00:05.859  render           | Saved: 'C:\Users\the_j\Desktop\Juego\DungeonParty-A\game\tools\blender\rat\renders\anim\idle_019.png'
00:06.250  render           | Saved: 'C:\Users\the_j\Desktop\Juego\DungeonParty-A\game\tools\blender\rat\renders\anim\idle_021.png'
00:06.641  render           | Saved: 'C:\Users\the_j\Desktop\Juego\DungeonParty-A\game\tools\blender\rat\renders\anim\idle_023.png'
00:07.094  render           | Saved: 'C:\Users\the_j\Desktop\Juego\DungeonParty-A\game\tools\blender\rat\renders\anim\idle_025.png'
00:07.562  render           | Saved: 'C:\Users\the_j\Desktop\Juego\DungeonParty-A\game\tools\blender\rat\renders\anim\idle_027.png'
00:08.016  render           | Saved: 'C:\Users\the_j\Desktop\Juego\DungeonParty-A\game\tools\blender\rat\renders\anim\idle_029.png'
00:08.500  render           | Saved: 'C:\Users\the_j\Desktop\Juego\DungeonParty-A\game\tools\blender\rat\renders\anim\idle_031.png'
00:08.953  render           | Saved: 'C:\Users\the_j\Desktop\Juego\DungeonParty-A\game\tools\blender\rat\renders\anim\idle_033.png'
00:09.391  render           | Saved: 'C:\Users\the_j\Desktop\Juego\DungeonParty-A\game\tools\blender\rat\renders\anim\idle_035.png'
00:09.844  render           | Saved: 'C:\Users\the_j\Desktop\Juego\DungeonParty-A\game\tools\blender\rat\renders\anim\move_001.png'
00:10.281  render           | Saved: 'C:\Users\the_j\Desktop\Juego\DungeonParty-A\game\tools\blender\rat\renders\anim\move_003.png'
00:10.719  render           | Saved: 'C:\Users\the_j\Desktop\Juego\DungeonParty-A\game\tools\blender\rat\renders\anim\move_005.png'
00:11.141  render           | Saved: 'C:\Users\the_j\Desktop\Juego\DungeonParty-A\game\tools\blender\rat\renders\anim\move_007.png'
00:11.531  render           | Saved: 'C:\Users\the_j\Desktop\Juego\DungeonParty-A\game\tools\blender\rat\renders\anim\move_009.png'
00:11.922  render           | Saved: 'C:\Users\the_j\Desktop\Juego\DungeonParty-A\game\tools\blender\rat\renders\anim\move_011.png'
00:12.328  render           | Saved: 'C:\Users\the_j\Desktop\Juego\DungeonParty-A\game\tools\blender\rat\renders\anim\move_013.png'
00:12.734  render           | Saved: 'C:\Users\the_j\Desktop\Juego\DungeonParty-A\game\tools\blender\rat\renders\anim\move_015.png'
00:13.125  render           | Saved: 'C:\Users\the_j\Desktop\Juego\DungeonParty-A\game\tools\blender\rat\renders\anim\move_017.png'
00:13.516  render           | Saved: 'C:\Users\the_j\Desktop\Juego\DungeonParty-A\game\tools\blender\rat\renders\anim\attack_001.png'
00:13.906  render           | Saved: 'C:\Users\the_j\Desktop\Juego\DungeonParty-A\game\tools\blender\rat\renders\anim\attack_003.png'
00:14.297  render           | Saved: 'C:\Users\the_j\Desktop\Juego\DungeonParty-A\game\tools\blender\rat\renders\anim\attack_005.png'
00:14.703  render           | Saved: 'C:\Users\the_j\Desktop\Juego\DungeonParty-A\game\tools\blender\rat\renders\anim\attack_007.png'
00:15.109  render           | Saved: 'C:\Users\the_j\Desktop\Juego\DungeonParty-A\game\tools\blender\rat\renders\anim\attack_009.png'
00:15.516  render           | Saved: 'C:\Users\the_j\Desktop\Juego\DungeonParty-A\game\tools\blender\rat\renders\anim\attack_011.png'
00:15.891  render           | Saved: 'C:\Users\the_j\Desktop\Juego\DungeonParty-A\game\tools\blender\rat\renders\anim\attack_013.png'
00:16.297  render           | Saved: 'C:\Users\the_j\Desktop\Juego\DungeonParty-A\game\tools\blender\rat\renders\anim\attack_015.png'
00:16.687  render           | Saved: 'C:\Users\the_j\Desktop\Juego\DungeonParty-A\game\tools\blender\rat\renders\anim\attack_017.png'
00:17.078  render           | Saved: 'C:\Users\the_j\Desktop\Juego\DungeonParty-A\game\tools\blender\rat\renders\anim\attack_019.png'
00:17.484  render           | Saved: 'C:\Users\the_j\Desktop\Juego\DungeonParty-A\game\tools\blender\rat\renders\anim\hit_001.png'
00:17.859  render           | Saved: 'C:\Users\the_j\Desktop\Juego\DungeonParty-A\game\tools\blender\rat\renders\anim\hit_003.png'
00:18.250  render           | Saved: 'C:\Users\the_j\Desktop\Juego\DungeonParty-A\game\tools\blender\rat\renders\anim\hit_005.png'
00:18.672  render           | Saved: 'C:\Users\the_j\Desktop\Juego\DungeonParty-A\game\tools\blender\rat\renders\anim\hit_007.png'
00:19.078  render           | Saved: 'C:\Users\the_j\Desktop\Juego\DungeonParty-A\game\tools\blender\rat\renders\anim\hit_009.png'
00:19.484  render           | Saved: 'C:\Users\the_j\Desktop\Juego\DungeonParty-A\game\tools\blender\rat\renders\anim\death_001.png'
00:19.906  render           | Saved: 'C:\Users\the_j\Desktop\Juego\DungeonParty-A\game\tools\blender\rat\renders\anim\death_003.png'
00:20.312  render           | Saved: 'C:\Users\the_j\Desktop\Juego\DungeonParty-A\game\tools\blender\rat\renders\anim\death_005.png'
00:20.734  render           | Saved: 'C:\Users\the_j\Desktop\Juego\DungeonParty-A\game\tools\blender\rat\renders\anim\death_007.png'
00:21.156  render           | Saved: 'C:\Users\the_j\Desktop\Juego\DungeonParty-A\game\tools\blender\rat\renders\anim\death_009.png'
00:21.578  render           | Saved: 'C:\Users\the_j\Desktop\Juego\DungeonParty-A\game\tools\blender\rat\renders\anim\death_011.png'
00:22.000  render           | Saved: 'C:\Users\the_j\Desktop\Juego\DungeonParty-A\game\tools\blender\rat\renders\anim\death_013.png'
00:22.422  render           | Saved: 'C:\Users\the_j\Desktop\Juego\DungeonParty-A\game\tools\blender\rat\renders\anim\death_015.png'
00:22.844  render           | Saved: 'C:\Users\the_j\Desktop\Juego\DungeonParty-A\game\tools\blender\rat\renders\anim\death_017.png'
00:23.234  render           | Saved: 'C:\Users\the_j\Desktop\Juego\DungeonParty-A\game\tools\blender\rat\renders\anim\death_019.png'
00:23.656  render           | Saved: 'C:\Users\the_j\Desktop\Juego\DungeonParty-A\game\tools\blender\rat\renders\anim\death_021.png'
00:24.062  render           | Saved: 'C:\Users\the_j\Desktop\Juego\DungeonParty-A\game\tools\blender\rat\renders\anim\death_023.png'
00:24.469  render           | Saved: 'C:\Users\the_j\Desktop\Juego\DungeonParty-A\game\tools\blender\rat\renders\anim\death_025.png'
00:24.891  render           | Saved: 'C:\Users\the_j\Desktop\Juego\DungeonParty-A\game\tools\blender\rat\renders\anim\death_027.png'
00:25.312  render           | Saved: 'C:\Users\the_j\Desktop\Juego\DungeonParty-A\game\tools\blender\rat\renders\anim\death_029.png'
00:25.953  render           | Saved: 'C:\Users\the_j\Desktop\Juego\DungeonParty-A\game\tools\blender\rat\renders\rat_hero.png'
BlenderMCP: cannot start server in background mode (blender -b) - commands would never execute
BlenderMCP: run Blender with a GUI, or use a virtual display: xvfb-run -a blender
BlenderMCP addon registered
BlenderMCP server stopped
BlenderMCP addon unregistered
[rat] tris=2388
[rat] frames idle-loop
[rat] frames move-loop
[rat] frames attack
[rat] frames hit
[rat] frames death
Info: Saved as "rat_wip.blend"
INFO Draco mesh compression is available, use library at C:\Users\the_j\blender\blender-5.1.2-windows-x64\5.1\scripts\addons_core\io_scene_gltf2\extern_draco.dll
13:44:00 | INFO: Starting glTF 2.0 export
13:44:00 | INFO: Extracting primitive: Sphere
13:44:00 | INFO: Primitives created: 2
13:44:00 | INFO: Finished glTF 2.0 export in 0.07937169075012207 s

[rat] tris=2388
[rat] DONE
Blender 5.1.2 (hash ec6e62d40fa9 built 2026-05-19 01:37:34)

Blender quit
