C:\Users\the_j\Desktop\Juego\DungeonParty-A\game\tools\blender\turtle\build_turtle.py:371: DeprecationWarning: 'Material.use_nodes' is expected to be removed in Blender 6.0
  m.use_nodes = True
C:\Users\the_j\Desktop\Juego\DungeonParty-A\game\tools\blender\turtle\build_turtle.py:455: DeprecationWarning: 'World.use_nodes' is expected to be removed in Blender 6.0
  world.use_nodes = True
00:02.297  render           | Saved: 'C:\Users\the_j\Desktop\Juego\DungeonParty-A\game\tools\blender\turtle\renders\anim\idle_001.png'
00:02.672  render           | Saved: 'C:\Users\the_j\Desktop\Juego\DungeonParty-A\game\tools\blender\turtle\renders\anim\idle_003.png'
00:03.031  render           | Saved: 'C:\Users\the_j\Desktop\Juego\DungeonParty-A\game\tools\blender\turtle\renders\anim\idle_005.png'
00:03.406  render           | Saved: 'C:\Users\the_j\Desktop\Juego\DungeonParty-A\game\tools\blender\turtle\renders\anim\idle_007.png'
00:03.765  render           | Saved: 'C:\Users\the_j\Desktop\Juego\DungeonParty-A\game\tools\blender\turtle\renders\anim\idle_009.png'
00:04.109  render           | Saved: 'C:\Users\the_j\Desktop\Juego\DungeonParty-A\game\tools\blender\turtle\renders\anim\idle_011.png'
00:04.469  render           | Saved: 'C:\Users\the_j\Desktop\Juego\DungeonParty-A\game\tools\blender\turtle\renders\anim\idle_013.png'
00:04.890  render           | Saved: 'C:\Users\the_j\Desktop\Juego\DungeonParty-A\game\tools\blender\turtle\renders\anim\idle_015.png'
00:05.265  render           | Saved: 'C:\Users\the_j\Desktop\Juego\DungeonParty-A\game\tools\blender\turtle\renders\anim\idle_017.png'
00:05.640  render           | Saved: 'C:\Users\the_j\Desktop\Juego\DungeonParty-A\game\tools\blender\turtle\renders\anim\idle_019.png'
00:06.015  render           | Saved: 'C:\Users\the_j\Desktop\Juego\DungeonParty-A\game\tools\blender\turtle\renders\anim\idle_021.png'
00:06.390  render           | Saved: 'C:\Users\the_j\Desktop\Juego\DungeonParty-A\game\tools\blender\turtle\renders\anim\idle_023.png'
00:06.765  render           | Saved: 'C:\Users\the_j\Desktop\Juego\DungeonParty-A\game\tools\blender\turtle\renders\anim\idle_025.png'
00:07.140  render           | Saved: 'C:\Users\the_j\Desktop\Juego\DungeonParty-A\game\tools\blender\turtle\renders\anim\idle_027.png'
00:07.547  render           | Saved: 'C:\Users\the_j\Desktop\Juego\DungeonParty-A\game\tools\blender\turtle\renders\anim\idle_029.png'
00:07.969  render           | Saved: 'C:\Users\the_j\Desktop\Juego\DungeonParty-A\game\tools\blender\turtle\renders\anim\idle_031.png'
00:08.406  render           | Saved: 'C:\Users\the_j\Desktop\Juego\DungeonParty-A\game\tools\blender\turtle\renders\anim\idle_033.png'
00:08.859  render           | Saved: 'C:\Users\the_j\Desktop\Juego\DungeonParty-A\game\tools\blender\turtle\renders\anim\idle_035.png'
00:09.312  render           | Saved: 'C:\Users\the_j\Desktop\Juego\DungeonParty-A\game\tools\blender\turtle\renders\anim\idle_037.png'
00:09.750  render           | Saved: 'C:\Users\the_j\Desktop\Juego\DungeonParty-A\game\tools\blender\turtle\renders\anim\idle_039.png'
00:10.234  render           | Saved: 'C:\Users\the_j\Desktop\Juego\DungeonParty-A\game\tools\blender\turtle\renders\anim\idle_041.png'
00:10.640  render           | Saved: 'C:\Users\the_j\Desktop\Juego\DungeonParty-A\game\tools\blender\turtle\renders\anim\idle_043.png'
00:11.062  render           | Saved: 'C:\Users\the_j\Desktop\Juego\DungeonParty-A\game\tools\blender\turtle\renders\anim\idle_045.png'
00:11.484  render           | Saved: 'C:\Users\the_j\Desktop\Juego\DungeonParty-A\game\tools\blender\turtle\renders\anim\idle_047.png'
00:11.922  render           | Saved: 'C:\Users\the_j\Desktop\Juego\DungeonParty-A\game\tools\blender\turtle\renders\anim\idle_049.png'
00:12.359  render           | Saved: 'C:\Users\the_j\Desktop\Juego\DungeonParty-A\game\tools\blender\turtle\renders\anim\idle_051.png'
00:12.781  render           | Saved: 'C:\Users\the_j\Desktop\Juego\DungeonParty-A\game\tools\blender\turtle\renders\anim\idle_053.png'
00:13.203  render           | Saved: 'C:\Users\the_j\Desktop\Juego\DungeonParty-A\game\tools\blender\turtle\renders\anim\idle_055.png'
00:13.625  render           | Saved: 'C:\Users\the_j\Desktop\Juego\DungeonParty-A\game\tools\blender\turtle\renders\anim\idle_057.png'
00:14.015  render           | Saved: 'C:\Users\the_j\Desktop\Juego\DungeonParty-A\game\tools\blender\turtle\renders\anim\idle_059.png'
00:14.422  render           | Saved: 'C:\Users\the_j\Desktop\Juego\DungeonParty-A\game\tools\blender\turtle\renders\anim\idle_061.png'
00:14.812  render           | Saved: 'C:\Users\the_j\Desktop\Juego\DungeonParty-A\game\tools\blender\turtle\renders\anim\idle_063.png'
00:15.219  render           | Saved: 'C:\Users\the_j\Desktop\Juego\DungeonParty-A\game\tools\blender\turtle\renders\anim\idle_065.png'
00:15.656  render           | Saved: 'C:\Users\the_j\Desktop\Juego\DungeonParty-A\game\tools\blender\turtle\renders\anim\idle_067.png'
00:16.109  render           | Saved: 'C:\Users\the_j\Desktop\Juego\DungeonParty-A\game\tools\blender\turtle\renders\anim\idle_069.png'
00:16.562  render           | Saved: 'C:\Users\the_j\Desktop\Juego\DungeonParty-A\game\tools\blender\turtle\renders\anim\idle_071.png'
00:17.109  render           | Saved: 'C:\Users\the_j\Desktop\Juego\DungeonParty-A\game\tools\blender\turtle\renders\anim\move_001.png'
00:17.562  render           | Saved: 'C:\Users\the_j\Desktop\Juego\DungeonParty-A\game\tools\blender\turtle\renders\anim\move_003.png'
00:18.047  render           | Saved: 'C:\Users\the_j\Desktop\Juego\DungeonParty-A\game\tools\blender\turtle\renders\anim\move_005.png'
00:18.515  render           | Saved: 'C:\Users\the_j\Desktop\Juego\DungeonParty-A\game\tools\blender\turtle\renders\anim\move_007.png'
00:19.000  render           | Saved: 'C:\Users\the_j\Desktop\Juego\DungeonParty-A\game\tools\blender\turtle\renders\anim\move_009.png'
00:19.484  render           | Saved: 'C:\Users\the_j\Desktop\Juego\DungeonParty-A\game\tools\blender\turtle\renders\anim\move_011.png'
00:19.953  render           | Saved: 'C:\Users\the_j\Desktop\Juego\DungeonParty-A\game\tools\blender\turtle\renders\anim\move_013.png'
00:20.422  render           | Saved: 'C:\Users\the_j\Desktop\Juego\DungeonParty-A\game\tools\blender\turtle\renders\anim\move_015.png'
00:20.890  render           | Saved: 'C:\Users\the_j\Desktop\Juego\DungeonParty-A\game\tools\blender\turtle\renders\anim\move_017.png'
00:21.359  render           | Saved: 'C:\Users\the_j\Desktop\Juego\DungeonParty-A\game\tools\blender\turtle\renders\anim\move_019.png'
00:21.844  render           | Saved: 'C:\Users\the_j\Desktop\Juego\DungeonParty-A\game\tools\blender\turtle\renders\anim\move_021.png'
00:22.328  render           | Saved: 'C:\Users\the_j\Desktop\Juego\DungeonParty-A\game\tools\blender\turtle\renders\anim\move_023.png'
00:22.797  render           | Saved: 'C:\Users\the_j\Desktop\Juego\DungeonParty-A\game\tools\blender\turtle\renders\anim\move_025.png'
00:23.265  render           | Saved: 'C:\Users\the_j\Desktop\Juego\DungeonParty-A\game\tools\blender\turtle\renders\anim\move_027.png'
00:23.750  render           | Saved: 'C:\Users\the_j\Desktop\Juego\DungeonParty-A\game\tools\blender\turtle\renders\anim\move_029.png'
00:24.234  render           | Saved: 'C:\Users\the_j\Desktop\Juego\DungeonParty-A\game\tools\blender\turtle\renders\anim\move_031.png'
00:24.719  render           | Saved: 'C:\Users\the_j\Desktop\Juego\DungeonParty-A\game\tools\blender\turtle\renders\anim\move_033.png'
00:25.187  render           | Saved: 'C:\Users\the_j\Desktop\Juego\DungeonParty-A\game\tools\blender\turtle\renders\anim\move_035.png'
00:25.672  render           | Saved: 'C:\Users\the_j\Desktop\Juego\DungeonParty-A\game\tools\blender\turtle\renders\anim\move_037.png'
00:26.140  render           | Saved: 'C:\Users\the_j\Desktop\Juego\DungeonParty-A\game\tools\blender\turtle\renders\anim\move_039.png'
00:26.609  render           | Saved: 'C:\Users\the_j\Desktop\Juego\DungeonParty-A\game\tools\blender\turtle\renders\anim\move_041.png'
00:27.094  render           | Saved: 'C:\Users\the_j\Desktop\Juego\DungeonParty-A\game\tools\blender\turtle\renders\anim\move_043.png'
00:27.562  render           | Saved: 'C:\Users\the_j\Desktop\Juego\DungeonParty-A\game\tools\blender\turtle\renders\anim\move_045.png'
00:28.047  render           | Saved: 'C:\Users\the_j\Desktop\Juego\DungeonParty-A\game\tools\blender\turtle\renders\anim\move_047.png'
00:28.515  render           | Saved: 'C:\Users\the_j\Desktop\Juego\DungeonParty-A\game\tools\blender\turtle\renders\anim\move_049.png'
00:29.000  render           | Saved: 'C:\Users\the_j\Desktop\Juego\DungeonParty-A\game\tools\blender\turtle\renders\anim\move_051.png'
00:29.484  render           | Saved: 'C:\Users\the_j\Desktop\Juego\DungeonParty-A\game\tools\blender\turtle\renders\anim\move_053.png'
00:29.969  render           | Saved: 'C:\Users\the_j\Desktop\Juego\DungeonParty-A\game\tools\blender\turtle\renders\anim\move_055.png'
00:30.437  render           | Saved: 'C:\Users\the_j\Desktop\Juego\DungeonParty-A\game\tools\blender\turtle\renders\anim\move_057.png'
00:30.922  render           | Saved: 'C:\Users\the_j\Desktop\Juego\DungeonParty-A\game\tools\blender\turtle\renders\anim\move_059.png'
00:31.390  render           | Saved: 'C:\Users\the_j\Desktop\Juego\DungeonParty-A\game\tools\blender\turtle\renders\anim\move_061.png'
00:31.859  render           | Saved: 'C:\Users\the_j\Desktop\Juego\DungeonParty-A\game\tools\blender\turtle\renders\anim\move_063.png'
00:32.328  render           | Saved: 'C:\Users\the_j\Desktop\Juego\DungeonParty-A\game\tools\blender\turtle\renders\anim\attack_001.png'
00:32.812  render           | Saved: 'C:\Users\the_j\Desktop\Juego\DungeonParty-A\game\tools\blender\turtle\renders\anim\attack_003.png'
00:33.281  render           | Saved: 'C:\Users\the_j\Desktop\Juego\DungeonParty-A\game\tools\blender\turtle\renders\anim\attack_005.png'
00:33.765  render           | Saved: 'C:\Users\the_j\Desktop\Juego\DungeonParty-A\game\tools\blender\turtle\renders\anim\attack_007.png'
00:34.265  render           | Saved: 'C:\Users\the_j\Desktop\Juego\DungeonParty-A\game\tools\blender\turtle\renders\anim\attack_009.png'
00:34.734  render           | Saved: 'C:\Users\the_j\Desktop\Juego\DungeonParty-A\game\tools\blender\turtle\renders\anim\attack_011.png'
00:35.219  render           | Saved: 'C:\Users\the_j\Desktop\Juego\DungeonParty-A\game\tools\blender\turtle\renders\anim\attack_013.png'
00:35.703  render           | Saved: 'C:\Users\the_j\Desktop\Juego\DungeonParty-A\game\tools\blender\turtle\renders\anim\attack_015.png'
00:36.172  render           | Saved: 'C:\Users\the_j\Desktop\Juego\DungeonParty-A\game\tools\blender\turtle\renders\anim\attack_017.png'
00:36.640  render           | Saved: 'C:\Users\the_j\Desktop\Juego\DungeonParty-A\game\tools\blender\turtle\renders\anim\attack_019.png'
00:37.125  render           | Saved: 'C:\Users\the_j\Desktop\Juego\DungeonParty-A\game\tools\blender\turtle\renders\anim\attack_021.png'
00:37.594  render           | Saved: 'C:\Users\the_j\Desktop\Juego\DungeonParty-A\game\tools\blender\turtle\renders\anim\attack_023.png'
00:38.078  render           | Saved: 'C:\Users\the_j\Desktop\Juego\DungeonParty-A\game\tools\blender\turtle\renders\anim\attack_025.png'
00:38.547  render           | Saved: 'C:\Users\the_j\Desktop\Juego\DungeonParty-A\game\tools\blender\turtle\renders\anim\hit_001.png'
00:39.015  render           | Saved: 'C:\Users\the_j\Desktop\Juego\DungeonParty-A\game\tools\blender\turtle\renders\anim\hit_003.png'
00:39.484  render           | Saved: 'C:\Users\the_j\Desktop\Juego\DungeonParty-A\game\tools\blender\turtle\renders\anim\hit_005.png'
00:39.969  render           | Saved: 'C:\Users\the_j\Desktop\Juego\DungeonParty-A\game\tools\blender\turtle\renders\anim\hit_007.png'
00:40.437  render           | Saved: 'C:\Users\the_j\Desktop\Juego\DungeonParty-A\game\tools\blender\turtle\renders\anim\hit_009.png'
00:40.922  render           | Saved: 'C:\Users\the_j\Desktop\Juego\DungeonParty-A\game\tools\blender\turtle\renders\anim\hit_011.png'
00:41.390  render           | Saved: 'C:\Users\the_j\Desktop\Juego\DungeonParty-A\game\tools\blender\turtle\renders\anim\hit_013.png'
00:41.859  render           | Saved: 'C:\Users\the_j\Desktop\Juego\DungeonParty-A\game\tools\blender\turtle\renders\anim\hit_015.png'
00:42.359  render           | Saved: 'C:\Users\the_j\Desktop\Juego\DungeonParty-A\game\tools\blender\turtle\renders\anim\death_001.png'
00:42.844  render           | Saved: 'C:\Users\the_j\Desktop\Juego\DungeonParty-A\game\tools\blender\turtle\renders\anim\death_003.png'
00:43.312  render           | Saved: 'C:\Users\the_j\Desktop\Juego\DungeonParty-A\game\tools\blender\turtle\renders\anim\death_005.png'
00:43.797  render           | Saved: 'C:\Users\the_j\Desktop\Juego\DungeonParty-A\game\tools\blender\turtle\renders\anim\death_007.png'
00:44.281  render           | Saved: 'C:\Users\the_j\Desktop\Juego\DungeonParty-A\game\tools\blender\turtle\renders\anim\death_009.png'
00:44.765  render           | Saved: 'C:\Users\the_j\Desktop\Juego\DungeonParty-A\game\tools\blender\turtle\renders\anim\death_011.png'
00:45.250  render           | Saved: 'C:\Users\the_j\Desktop\Juego\DungeonParty-A\game\tools\blender\turtle\renders\anim\death_013.png'
00:45.719  render           | Saved: 'C:\Users\the_j\Desktop\Juego\DungeonParty-A\game\tools\blender\turtle\renders\anim\death_015.png'
00:46.187  render           | Saved: 'C:\Users\the_j\Desktop\Juego\DungeonParty-A\game\tools\blender\turtle\renders\anim\death_017.png'
00:46.687  render           | Saved: 'C:\Users\the_j\Desktop\Juego\DungeonParty-A\game\tools\blender\turtle\renders\anim\death_019.png'
00:47.140  render           | Saved: 'C:\Users\the_j\Desktop\Juego\DungeonParty-A\game\tools\blender\turtle\renders\anim\death_021.png'
00:47.609  render           | Saved: 'C:\Users\the_j\Desktop\Juego\DungeonParty-A\game\tools\blender\turtle\renders\anim\death_023.png'
00:48.078  render           | Saved: 'C:\Users\the_j\Desktop\Juego\DungeonParty-A\game\tools\blender\turtle\renders\anim\death_025.png'
00:48.531  render           | Saved: 'C:\Users\the_j\Desktop\Juego\DungeonParty-A\game\tools\blender\turtle\renders\anim\death_027.png'
00:49.015  render           | Saved: 'C:\Users\the_j\Desktop\Juego\DungeonParty-A\game\tools\blender\turtle\renders\anim\death_029.png'
00:49.484  render           | Saved: 'C:\Users\the_j\Desktop\Juego\DungeonParty-A\game\tools\blender\turtle\renders\anim\death_031.png'
00:49.953  render           | Saved: 'C:\Users\the_j\Desktop\Juego\DungeonParty-A\game\tools\blender\turtle\renders\anim\death_033.png'
00:50.453  render           | Saved: 'C:\Users\the_j\Desktop\Juego\DungeonParty-A\game\tools\blender\turtle\renders\anim\death_035.png'
00:51.219  render           | Saved: 'C:\Users\the_j\Desktop\Juego\DungeonParty-A\game\tools\blender\turtle\renders\turtle_hero.png'
BlenderMCP: cannot start server in background mode (blender -b) - commands would never execute
BlenderMCP: run Blender with a GUI, or use a virtual display: xvfb-run -a blender
BlenderMCP addon registered
BlenderMCP server stopped
BlenderMCP addon unregistered
[turtle] frames idle-loop
[turtle] frames move-loop
[turtle] frames attack
[turtle] frames hit
[turtle] frames death
Info: Saved as "turtle_wip.blend"
INFO Draco mesh compression is available, use library at C:\Users\the_j\blender\blender-5.1.2-windows-x64\5.1\scripts\addons_core\io_scene_gltf2\extern_draco.dll
13:46:05 | INFO: Starting glTF 2.0 export
13:46:05 | INFO: Extracting primitive: Sphere
13:46:05 | INFO: Primitives created: 3
13:46:05 | INFO: Finished glTF 2.0 export in 0.13554978370666504 s

[turtle] DONE
Blender 5.1.2 (hash ec6e62d40fa9 built 2026-05-19 01:37:34)

Blender quit
