C:\Users\the_j\Desktop\Juego\DungeonParty-A\game\tools\blender\king_slime\build_king_slime.py:215: DeprecationWarning: 'Material.use_nodes' is expected to be removed in Blender 6.0
  m.use_nodes = True
C:\Users\the_j\Desktop\Juego\DungeonParty-A\game\tools\blender\king_slime\build_king_slime.py:276: DeprecationWarning: 'Material.use_nodes' is expected to be removed in Blender 6.0
  m_gold.use_nodes = True
C:\Users\the_j\Desktop\Juego\DungeonParty-A\game\tools\blender\king_slime\build_king_slime.py:287: DeprecationWarning: 'World.use_nodes' is expected to be removed in Blender 6.0
  world.use_nodes = True
00:03.032  render           | Saved: 'C:\Users\the_j\Desktop\Juego\DungeonParty-A\game\tools\blender\king_slime\renders\anim\idle_001.png'
00:03.953  render           | Saved: 'C:\Users\the_j\Desktop\Juego\DungeonParty-A\game\tools\blender\king_slime\renders\anim\idle_003.png'
00:04.860  render           | Saved: 'C:\Users\the_j\Desktop\Juego\DungeonParty-A\game\tools\blender\king_slime\renders\anim\idle_005.png'
00:05.782  render           | Saved: 'C:\Users\the_j\Desktop\Juego\DungeonParty-A\game\tools\blender\king_slime\renders\anim\idle_007.png'
00:06.719  render           | Saved: 'C:\Users\the_j\Desktop\Juego\DungeonParty-A\game\tools\blender\king_slime\renders\anim\idle_009.png'
00:07.657  render           | Saved: 'C:\Users\the_j\Desktop\Juego\DungeonParty-A\game\tools\blender\king_slime\renders\anim\idle_011.png'
00:08.563  render           | Saved: 'C:\Users\the_j\Desktop\Juego\DungeonParty-A\game\tools\blender\king_slime\renders\anim\idle_013.png'
00:09.438  render           | Saved: 'C:\Users\the_j\Desktop\Juego\DungeonParty-A\game\tools\blender\king_slime\renders\anim\idle_015.png'
00:10.313  render           | Saved: 'C:\Users\the_j\Desktop\Juego\DungeonParty-A\game\tools\blender\king_slime\renders\anim\idle_017.png'
00:11.219  render           | Saved: 'C:\Users\the_j\Desktop\Juego\DungeonParty-A\game\tools\blender\king_slime\renders\anim\idle_019.png'
00:12.125  render           | Saved: 'C:\Users\the_j\Desktop\Juego\DungeonParty-A\game\tools\blender\king_slime\renders\anim\idle_021.png'
00:13.047  render           | Saved: 'C:\Users\the_j\Desktop\Juego\DungeonParty-A\game\tools\blender\king_slime\renders\anim\idle_023.png'
00:13.985  render           | Saved: 'C:\Users\the_j\Desktop\Juego\DungeonParty-A\game\tools\blender\king_slime\renders\anim\idle_025.png'
00:14.860  render           | Saved: 'C:\Users\the_j\Desktop\Juego\DungeonParty-A\game\tools\blender\king_slime\renders\anim\idle_027.png'
00:15.750  render           | Saved: 'C:\Users\the_j\Desktop\Juego\DungeonParty-A\game\tools\blender\king_slime\renders\anim\idle_029.png'
00:16.703  render           | Saved: 'C:\Users\the_j\Desktop\Juego\DungeonParty-A\game\tools\blender\king_slime\renders\anim\idle_031.png'
00:17.641  render           | Saved: 'C:\Users\the_j\Desktop\Juego\DungeonParty-A\game\tools\blender\king_slime\renders\anim\idle_033.png'
00:18.594  render           | Saved: 'C:\Users\the_j\Desktop\Juego\DungeonParty-A\game\tools\blender\king_slime\renders\anim\idle_035.png'
00:19.500  render           | Saved: 'C:\Users\the_j\Desktop\Juego\DungeonParty-A\game\tools\blender\king_slime\renders\anim\idle_037.png'
00:20.407  render           | Saved: 'C:\Users\the_j\Desktop\Juego\DungeonParty-A\game\tools\blender\king_slime\renders\anim\idle_039.png'
00:21.344  render           | Saved: 'C:\Users\the_j\Desktop\Juego\DungeonParty-A\game\tools\blender\king_slime\renders\anim\idle_041.png'
00:22.344  render           | Saved: 'C:\Users\the_j\Desktop\Juego\DungeonParty-A\game\tools\blender\king_slime\renders\anim\idle_043.png'
00:23.266  render           | Saved: 'C:\Users\the_j\Desktop\Juego\DungeonParty-A\game\tools\blender\king_slime\renders\anim\idle_045.png'
00:24.141  render           | Saved: 'C:\Users\the_j\Desktop\Juego\DungeonParty-A\game\tools\blender\king_slime\renders\anim\idle_047.png'
00:25.094  render           | Saved: 'C:\Users\the_j\Desktop\Juego\DungeonParty-A\game\tools\blender\king_slime\renders\anim\idle_049.png'
00:26.047  render           | Saved: 'C:\Users\the_j\Desktop\Juego\DungeonParty-A\game\tools\blender\king_slime\renders\anim\idle_051.png'
00:27.016  render           | Saved: 'C:\Users\the_j\Desktop\Juego\DungeonParty-A\game\tools\blender\king_slime\renders\anim\idle_053.png'
00:27.907  render           | Saved: 'C:\Users\the_j\Desktop\Juego\DungeonParty-A\game\tools\blender\king_slime\renders\anim\idle_055.png'
00:28.828  render           | Saved: 'C:\Users\the_j\Desktop\Juego\DungeonParty-A\game\tools\blender\king_slime\renders\anim\idle_057.png'
00:29.766  render           | Saved: 'C:\Users\the_j\Desktop\Juego\DungeonParty-A\game\tools\blender\king_slime\renders\anim\idle_059.png'
00:30.750  render           | Saved: 'C:\Users\the_j\Desktop\Juego\DungeonParty-A\game\tools\blender\king_slime\renders\anim\idle_061.png'
00:31.641  render           | Saved: 'C:\Users\the_j\Desktop\Juego\DungeonParty-A\game\tools\blender\king_slime\renders\anim\idle_063.png'
00:32.563  render           | Saved: 'C:\Users\the_j\Desktop\Juego\DungeonParty-A\game\tools\blender\king_slime\renders\anim\idle_065.png'
00:33.516  render           | Saved: 'C:\Users\the_j\Desktop\Juego\DungeonParty-A\game\tools\blender\king_slime\renders\anim\idle_067.png'
00:34.469  render           | Saved: 'C:\Users\the_j\Desktop\Juego\DungeonParty-A\game\tools\blender\king_slime\renders\anim\idle_069.png'
00:35.391  render           | Saved: 'C:\Users\the_j\Desktop\Juego\DungeonParty-A\game\tools\blender\king_slime\renders\anim\idle_071.png'
00:36.297  render           | Saved: 'C:\Users\the_j\Desktop\Juego\DungeonParty-A\game\tools\blender\king_slime\renders\anim\idle_073.png'
00:37.250  render           | Saved: 'C:\Users\the_j\Desktop\Juego\DungeonParty-A\game\tools\blender\king_slime\renders\anim\idle_075.png'
00:38.203  render           | Saved: 'C:\Users\the_j\Desktop\Juego\DungeonParty-A\game\tools\blender\king_slime\renders\anim\idle_077.png'
00:39.110  render           | Saved: 'C:\Users\the_j\Desktop\Juego\DungeonParty-A\game\tools\blender\king_slime\renders\anim\idle_079.png'
00:40.032  render           | Saved: 'C:\Users\the_j\Desktop\Juego\DungeonParty-A\game\tools\blender\king_slime\renders\anim\idle_081.png'
00:40.969  render           | Saved: 'C:\Users\the_j\Desktop\Juego\DungeonParty-A\game\tools\blender\king_slime\renders\anim\idle_083.png'
00:41.938  render           | Saved: 'C:\Users\the_j\Desktop\Juego\DungeonParty-A\game\tools\blender\king_slime\renders\anim\idle_085.png'
00:42.844  render           | Saved: 'C:\Users\the_j\Desktop\Juego\DungeonParty-A\game\tools\blender\king_slime\renders\anim\idle_087.png'
00:43.782  render           | Saved: 'C:\Users\the_j\Desktop\Juego\DungeonParty-A\game\tools\blender\king_slime\renders\anim\idle_089.png'
00:44.719  render           | Saved: 'C:\Users\the_j\Desktop\Juego\DungeonParty-A\game\tools\blender\king_slime\renders\anim\idle_091.png'
00:45.688  render           | Saved: 'C:\Users\the_j\Desktop\Juego\DungeonParty-A\game\tools\blender\king_slime\renders\anim\idle_093.png'
00:46.610  render           | Saved: 'C:\Users\the_j\Desktop\Juego\DungeonParty-A\game\tools\blender\king_slime\renders\anim\idle_095.png'
00:47.516  render           | Saved: 'C:\Users\the_j\Desktop\Juego\DungeonParty-A\game\tools\blender\king_slime\renders\anim\hop_001.png'
00:48.453  render           | Saved: 'C:\Users\the_j\Desktop\Juego\DungeonParty-A\game\tools\blender\king_slime\renders\anim\hop_003.png'
00:49.407  render           | Saved: 'C:\Users\the_j\Desktop\Juego\DungeonParty-A\game\tools\blender\king_slime\renders\anim\hop_005.png'
00:50.375  render           | Saved: 'C:\Users\the_j\Desktop\Juego\DungeonParty-A\game\tools\blender\king_slime\renders\anim\hop_007.png'
00:51.282  render           | Saved: 'C:\Users\the_j\Desktop\Juego\DungeonParty-A\game\tools\blender\king_slime\renders\anim\hop_009.png'
00:52.203  render           | Saved: 'C:\Users\the_j\Desktop\Juego\DungeonParty-A\game\tools\blender\king_slime\renders\anim\hop_011.png'
00:53.141  render           | Saved: 'C:\Users\the_j\Desktop\Juego\DungeonParty-A\game\tools\blender\king_slime\renders\anim\hop_013.png'
00:54.125  render           | Saved: 'C:\Users\the_j\Desktop\Juego\DungeonParty-A\game\tools\blender\king_slime\renders\anim\hop_015.png'
00:55.032  render           | Saved: 'C:\Users\the_j\Desktop\Juego\DungeonParty-A\game\tools\blender\king_slime\renders\anim\hop_017.png'
00:55.938  render           | Saved: 'C:\Users\the_j\Desktop\Juego\DungeonParty-A\game\tools\blender\king_slime\renders\anim\hop_019.png'
00:56.860  render           | Saved: 'C:\Users\the_j\Desktop\Juego\DungeonParty-A\game\tools\blender\king_slime\renders\anim\hop_021.png'
00:57.813  render           | Saved: 'C:\Users\the_j\Desktop\Juego\DungeonParty-A\game\tools\blender\king_slime\renders\anim\hop_023.png'
00:58.735  render           | Saved: 'C:\Users\the_j\Desktop\Juego\DungeonParty-A\game\tools\blender\king_slime\renders\anim\hop_025.png'
00:59.641  render           | Saved: 'C:\Users\the_j\Desktop\Juego\DungeonParty-A\game\tools\blender\king_slime\renders\anim\hop_027.png'
01:00.594  render           | Saved: 'C:\Users\the_j\Desktop\Juego\DungeonParty-A\game\tools\blender\king_slime\renders\anim\hop_029.png'
01:01.563  render           | Saved: 'C:\Users\the_j\Desktop\Juego\DungeonParty-A\game\tools\blender\king_slime\renders\anim\hop_031.png'
01:02.532  render           | Saved: 'C:\Users\the_j\Desktop\Juego\DungeonParty-A\game\tools\blender\king_slime\renders\anim\hop_033.png'
01:03.453  render           | Saved: 'C:\Users\the_j\Desktop\Juego\DungeonParty-A\game\tools\blender\king_slime\renders\anim\hop_035.png'
01:04.407  render           | Saved: 'C:\Users\the_j\Desktop\Juego\DungeonParty-A\game\tools\blender\king_slime\renders\anim\hop_037.png'
01:05.360  render           | Saved: 'C:\Users\the_j\Desktop\Juego\DungeonParty-A\game\tools\blender\king_slime\renders\anim\hop_039.png'
01:06.313  render           | Saved: 'C:\Users\the_j\Desktop\Juego\DungeonParty-A\game\tools\blender\king_slime\renders\anim\hop_041.png'
01:07.266  render           | Saved: 'C:\Users\the_j\Desktop\Juego\DungeonParty-A\game\tools\blender\king_slime\renders\anim\hop_043.png'
01:08.188  render           | Saved: 'C:\Users\the_j\Desktop\Juego\DungeonParty-A\game\tools\blender\king_slime\renders\anim\hop_045.png'
01:09.078  render           | Saved: 'C:\Users\the_j\Desktop\Juego\DungeonParty-A\game\tools\blender\king_slime\renders\anim\hop_047.png'
01:10.016  render           | Saved: 'C:\Users\the_j\Desktop\Juego\DungeonParty-A\game\tools\blender\king_slime\renders\anim\hop_049.png'
01:10.860  render           | Saved: 'C:\Users\the_j\Desktop\Juego\DungeonParty-A\game\tools\blender\king_slime\renders\anim\hop_051.png'
01:11.594  render           | Saved: 'C:\Users\the_j\Desktop\Juego\DungeonParty-A\game\tools\blender\king_slime\renders\anim\hop_053.png'
01:12.282  render           | Saved: 'C:\Users\the_j\Desktop\Juego\DungeonParty-A\game\tools\blender\king_slime\renders\anim\hop_055.png'
01:12.953  render           | Saved: 'C:\Users\the_j\Desktop\Juego\DungeonParty-A\game\tools\blender\king_slime\renders\anim\hop_057.png'
01:13.625  render           | Saved: 'C:\Users\the_j\Desktop\Juego\DungeonParty-A\game\tools\blender\king_slime\renders\anim\hop_059.png'
01:14.297  render           | Saved: 'C:\Users\the_j\Desktop\Juego\DungeonParty-A\game\tools\blender\king_slime\renders\anim\hop_061.png'
01:14.969  render           | Saved: 'C:\Users\the_j\Desktop\Juego\DungeonParty-A\game\tools\blender\king_slime\renders\anim\hop_063.png'
01:15.672  render           | Saved: 'C:\Users\the_j\Desktop\Juego\DungeonParty-A\game\tools\blender\king_slime\renders\anim\hop_065.png'
01:16.344  render           | Saved: 'C:\Users\the_j\Desktop\Juego\DungeonParty-A\game\tools\blender\king_slime\renders\anim\hop_067.png'
01:17.000  render           | Saved: 'C:\Users\the_j\Desktop\Juego\DungeonParty-A\game\tools\blender\king_slime\renders\anim\hop_069.png'
01:17.672  render           | Saved: 'C:\Users\the_j\Desktop\Juego\DungeonParty-A\game\tools\blender\king_slime\renders\anim\hop_071.png'
01:18.344  render           | Saved: 'C:\Users\the_j\Desktop\Juego\DungeonParty-A\game\tools\blender\king_slime\renders\anim\hit_001.png'
01:19.016  render           | Saved: 'C:\Users\the_j\Desktop\Juego\DungeonParty-A\game\tools\blender\king_slime\renders\anim\hit_003.png'
01:19.688  render           | Saved: 'C:\Users\the_j\Desktop\Juego\DungeonParty-A\game\tools\blender\king_slime\renders\anim\hit_005.png'
01:20.360  render           | Saved: 'C:\Users\the_j\Desktop\Juego\DungeonParty-A\game\tools\blender\king_slime\renders\anim\hit_007.png'
01:21.032  render           | Saved: 'C:\Users\the_j\Desktop\Juego\DungeonParty-A\game\tools\blender\king_slime\renders\anim\hit_009.png'
01:21.703  render           | Saved: 'C:\Users\the_j\Desktop\Juego\DungeonParty-A\game\tools\blender\king_slime\renders\anim\hit_011.png'
01:22.375  render           | Saved: 'C:\Users\the_j\Desktop\Juego\DungeonParty-A\game\tools\blender\king_slime\renders\anim\hit_013.png'
01:23.047  render           | Saved: 'C:\Users\the_j\Desktop\Juego\DungeonParty-A\game\tools\blender\king_slime\renders\anim\hit_015.png'
01:23.719  render           | Saved: 'C:\Users\the_j\Desktop\Juego\DungeonParty-A\game\tools\blender\king_slime\renders\anim\attack_001.png'
01:24.391  render           | Saved: 'C:\Users\the_j\Desktop\Juego\DungeonParty-A\game\tools\blender\king_slime\renders\anim\attack_003.png'
01:25.063  render           | Saved: 'C:\Users\the_j\Desktop\Juego\DungeonParty-A\game\tools\blender\king_slime\renders\anim\attack_005.png'
01:25.735  render           | Saved: 'C:\Users\the_j\Desktop\Juego\DungeonParty-A\game\tools\blender\king_slime\renders\anim\attack_007.png'
01:26.407  render           | Saved: 'C:\Users\the_j\Desktop\Juego\DungeonParty-A\game\tools\blender\king_slime\renders\anim\attack_009.png'
01:27.110  render           | Saved: 'C:\Users\the_j\Desktop\Juego\DungeonParty-A\game\tools\blender\king_slime\renders\anim\attack_011.png'
01:27.766  render           | Saved: 'C:\Users\the_j\Desktop\Juego\DungeonParty-A\game\tools\blender\king_slime\renders\anim\attack_013.png'
01:28.438  render           | Saved: 'C:\Users\the_j\Desktop\Juego\DungeonParty-A\game\tools\blender\king_slime\renders\anim\attack_015.png'
01:29.110  render           | Saved: 'C:\Users\the_j\Desktop\Juego\DungeonParty-A\game\tools\blender\king_slime\renders\anim\attack_017.png'
01:29.782  render           | Saved: 'C:\Users\the_j\Desktop\Juego\DungeonParty-A\game\tools\blender\king_slime\renders\anim\attack_019.png'
01:30.438  render           | Saved: 'C:\Users\the_j\Desktop\Juego\DungeonParty-A\game\tools\blender\king_slime\renders\anim\attack_021.png'
01:31.110  render           | Saved: 'C:\Users\the_j\Desktop\Juego\DungeonParty-A\game\tools\blender\king_slime\renders\anim\attack_023.png'
01:31.782  render           | Saved: 'C:\Users\the_j\Desktop\Juego\DungeonParty-A\game\tools\blender\king_slime\renders\anim\attack_025.png'
01:32.453  render           | Saved: 'C:\Users\the_j\Desktop\Juego\DungeonParty-A\game\tools\blender\king_slime\renders\anim\attack_027.png'
01:33.125  render           | Saved: 'C:\Users\the_j\Desktop\Juego\DungeonParty-A\game\tools\blender\king_slime\renders\anim\attack_029.png'
01:33.813  render           | Saved: 'C:\Users\the_j\Desktop\Juego\DungeonParty-A\game\tools\blender\king_slime\renders\anim\death_001.png'
01:34.485  render           | Saved: 'C:\Users\the_j\Desktop\Juego\DungeonParty-A\game\tools\blender\king_slime\renders\anim\death_003.png'
01:35.157  render           | Saved: 'C:\Users\the_j\Desktop\Juego\DungeonParty-A\game\tools\blender\king_slime\renders\anim\death_005.png'
01:35.828  render           | Saved: 'C:\Users\the_j\Desktop\Juego\DungeonParty-A\game\tools\blender\king_slime\renders\anim\death_007.png'
01:36.500  render           | Saved: 'C:\Users\the_j\Desktop\Juego\DungeonParty-A\game\tools\blender\king_slime\renders\anim\death_009.png'
01:37.172  render           | Saved: 'C:\Users\the_j\Desktop\Juego\DungeonParty-A\game\tools\blender\king_slime\renders\anim\death_011.png'
01:37.860  render           | Saved: 'C:\Users\the_j\Desktop\Juego\DungeonParty-A\game\tools\blender\king_slime\renders\anim\death_013.png'
01:38.532  render           | Saved: 'C:\Users\the_j\Desktop\Juego\DungeonParty-A\game\tools\blender\king_slime\renders\anim\death_015.png'
01:39.219  render           | Saved: 'C:\Users\the_j\Desktop\Juego\DungeonParty-A\game\tools\blender\king_slime\renders\anim\death_017.png'
01:39.907  render           | Saved: 'C:\Users\the_j\Desktop\Juego\DungeonParty-A\game\tools\blender\king_slime\renders\anim\death_019.png'
01:40.610  render           | Saved: 'C:\Users\the_j\Desktop\Juego\DungeonParty-A\game\tools\blender\king_slime\renders\anim\death_021.png'
01:41.297  render           | Saved: 'C:\Users\the_j\Desktop\Juego\DungeonParty-A\game\tools\blender\king_slime\renders\anim\death_023.png'
01:42.000  render           | Saved: 'C:\Users\the_j\Desktop\Juego\DungeonParty-A\game\tools\blender\king_slime\renders\anim\death_025.png'
01:42.703  render           | Saved: 'C:\Users\the_j\Desktop\Juego\DungeonParty-A\game\tools\blender\king_slime\renders\anim\death_027.png'
01:43.438  render           | Saved: 'C:\Users\the_j\Desktop\Juego\DungeonParty-A\game\tools\blender\king_slime\renders\anim\death_029.png'
01:44.141  render           | Saved: 'C:\Users\the_j\Desktop\Juego\DungeonParty-A\game\tools\blender\king_slime\renders\anim\death_031.png'
01:44.875  render           | Saved: 'C:\Users\the_j\Desktop\Juego\DungeonParty-A\game\tools\blender\king_slime\renders\anim\death_033.png'
01:45.610  render           | Saved: 'C:\Users\the_j\Desktop\Juego\DungeonParty-A\game\tools\blender\king_slime\renders\anim\death_035.png'
01:46.344  render           | Saved: 'C:\Users\the_j\Desktop\Juego\DungeonParty-A\game\tools\blender\king_slime\renders\anim\death_037.png'
01:47.078  render           | Saved: 'C:\Users\the_j\Desktop\Juego\DungeonParty-A\game\tools\blender\king_slime\renders\anim\death_039.png'
01:48.000  render           | Saved: 'C:\Users\the_j\Desktop\Juego\DungeonParty-A\game\tools\blender\king_slime\renders\king_slime_hero.png'
BlenderMCP: cannot start server in background mode (blender -b) - commands would never execute
BlenderMCP: run Blender with a GUI, or use a virtual display: xvfb-run -a blender
BlenderMCP addon registered
BlenderMCP server stopped
BlenderMCP addon unregistered
[king] frames idle-loop
[king] frames hop-loop
[king] frames hit
[king] frames attack
[king] frames death
Info: Saved as "king_slime_wip.blend"
INFO Draco mesh compression is available, use library at C:\Users\the_j\blender\blender-5.1.2-windows-x64\5.1\scripts\addons_core\io_scene_gltf2\extern_draco.dll
13:42:44 | INFO: Starting glTF 2.0 export
13:42:44 | INFO: Extracting primitive: Sphere
13:42:44 | INFO: Primitives created: 1
13:42:44 | INFO: Extracting primitive: Cylinder
13:42:44 | INFO: Primitives created: 1
13:42:44 | INFO: Extracting primitive: Cone
13:42:44 | INFO: Primitives created: 1
13:42:44 | INFO: Extracting primitive: Cone.001
13:42:44 | INFO: Primitives created: 1
13:42:44 | INFO: Extracting primitive: Cone.002
13:42:44 | INFO: Primitives created: 1
13:42:44 | INFO: Extracting primitive: Cone.003
13:42:44 | INFO: Primitives created: 1
13:42:44 | INFO: Extracting primitive: Cone.004
13:42:44 | INFO: Primitives created: 1
13:42:44 | INFO: Finished glTF 2.0 export in 0.18256664276123047 s

[king] DONE
Blender 5.1.2 (hash ec6e62d40fa9 built 2026-05-19 01:37:34)

Blender quit
