C:\Users\the_j\Desktop\Juego\DungeonParty-A\game\tools\blender\wasp\build_wasp.py:232: DeprecationWarning: 'Material.use_nodes' is expected to be removed in Blender 6.0
  m.use_nodes = True
C:\Users\the_j\Desktop\Juego\DungeonParty-A\game\tools\blender\wasp\build_wasp.py:518: DeprecationWarning: 'World.use_nodes' is expected to be removed in Blender 6.0
  world.use_nodes = True
00:02.547  render           | Saved: 'C:\Users\the_j\Desktop\Juego\DungeonParty-A\game\tools\blender\wasp\renders\anim\idle_001.png'
00:03.266  render           | Saved: 'C:\Users\the_j\Desktop\Juego\DungeonParty-A\game\tools\blender\wasp\renders\anim\idle_003.png'
00:04.016  render           | Saved: 'C:\Users\the_j\Desktop\Juego\DungeonParty-A\game\tools\blender\wasp\renders\anim\idle_005.png'
00:04.719  render           | Saved: 'C:\Users\the_j\Desktop\Juego\DungeonParty-A\game\tools\blender\wasp\renders\anim\idle_007.png'
00:05.484  render           | Saved: 'C:\Users\the_j\Desktop\Juego\DungeonParty-A\game\tools\blender\wasp\renders\anim\idle_009.png'
00:06.219  render           | Saved: 'C:\Users\the_j\Desktop\Juego\DungeonParty-A\game\tools\blender\wasp\renders\anim\idle_011.png'
00:06.922  render           | Saved: 'C:\Users\the_j\Desktop\Juego\DungeonParty-A\game\tools\blender\wasp\renders\anim\idle_013.png'
00:07.734  render           | Saved: 'C:\Users\the_j\Desktop\Juego\DungeonParty-A\game\tools\blender\wasp\renders\anim\idle_015.png'
00:08.469  render           | Saved: 'C:\Users\the_j\Desktop\Juego\DungeonParty-A\game\tools\blender\wasp\renders\anim\idle_017.png'
00:09.203  render           | Saved: 'C:\Users\the_j\Desktop\Juego\DungeonParty-A\game\tools\blender\wasp\renders\anim\idle_019.png'
00:09.922  render           | Saved: 'C:\Users\the_j\Desktop\Juego\DungeonParty-A\game\tools\blender\wasp\renders\anim\idle_021.png'
00:10.656  render           | Saved: 'C:\Users\the_j\Desktop\Juego\DungeonParty-A\game\tools\blender\wasp\renders\anim\idle_023.png'
00:11.406  render           | Saved: 'C:\Users\the_j\Desktop\Juego\DungeonParty-A\game\tools\blender\wasp\renders\anim\idle_025.png'
00:12.156  render           | Saved: 'C:\Users\the_j\Desktop\Juego\DungeonParty-A\game\tools\blender\wasp\renders\anim\idle_027.png'
00:12.906  render           | Saved: 'C:\Users\the_j\Desktop\Juego\DungeonParty-A\game\tools\blender\wasp\renders\anim\idle_029.png'
00:13.734  render           | Saved: 'C:\Users\the_j\Desktop\Juego\DungeonParty-A\game\tools\blender\wasp\renders\anim\idle_031.png'
00:14.453  render           | Saved: 'C:\Users\the_j\Desktop\Juego\DungeonParty-A\game\tools\blender\wasp\renders\anim\idle_033.png'
00:15.188  render           | Saved: 'C:\Users\the_j\Desktop\Juego\DungeonParty-A\game\tools\blender\wasp\renders\anim\idle_035.png'
00:15.938  render           | Saved: 'C:\Users\the_j\Desktop\Juego\DungeonParty-A\game\tools\blender\wasp\renders\anim\idle_037.png'
00:16.672  render           | Saved: 'C:\Users\the_j\Desktop\Juego\DungeonParty-A\game\tools\blender\wasp\renders\anim\idle_039.png'
00:17.359  render           | Saved: 'C:\Users\the_j\Desktop\Juego\DungeonParty-A\game\tools\blender\wasp\renders\anim\idle_041.png'
00:18.109  render           | Saved: 'C:\Users\the_j\Desktop\Juego\DungeonParty-A\game\tools\blender\wasp\renders\anim\idle_043.png'
00:18.844  render           | Saved: 'C:\Users\the_j\Desktop\Juego\DungeonParty-A\game\tools\blender\wasp\renders\anim\idle_045.png'
00:19.578  render           | Saved: 'C:\Users\the_j\Desktop\Juego\DungeonParty-A\game\tools\blender\wasp\renders\anim\idle_047.png'
00:20.297  render           | Saved: 'C:\Users\the_j\Desktop\Juego\DungeonParty-A\game\tools\blender\wasp\renders\anim\move_001.png'
00:20.984  render           | Saved: 'C:\Users\the_j\Desktop\Juego\DungeonParty-A\game\tools\blender\wasp\renders\anim\move_003.png'
00:21.688  render           | Saved: 'C:\Users\the_j\Desktop\Juego\DungeonParty-A\game\tools\blender\wasp\renders\anim\move_005.png'
00:22.375  render           | Saved: 'C:\Users\the_j\Desktop\Juego\DungeonParty-A\game\tools\blender\wasp\renders\anim\move_007.png'
00:23.078  render           | Saved: 'C:\Users\the_j\Desktop\Juego\DungeonParty-A\game\tools\blender\wasp\renders\anim\move_009.png'
00:23.781  render           | Saved: 'C:\Users\the_j\Desktop\Juego\DungeonParty-A\game\tools\blender\wasp\renders\anim\move_011.png'
00:24.578  render           | Saved: 'C:\Users\the_j\Desktop\Juego\DungeonParty-A\game\tools\blender\wasp\renders\anim\move_013.png'
00:25.313  render           | Saved: 'C:\Users\the_j\Desktop\Juego\DungeonParty-A\game\tools\blender\wasp\renders\anim\move_015.png'
00:26.016  render           | Saved: 'C:\Users\the_j\Desktop\Juego\DungeonParty-A\game\tools\blender\wasp\renders\anim\move_017.png'
00:26.766  render           | Saved: 'C:\Users\the_j\Desktop\Juego\DungeonParty-A\game\tools\blender\wasp\renders\anim\move_019.png'
00:27.484  render           | Saved: 'C:\Users\the_j\Desktop\Juego\DungeonParty-A\game\tools\blender\wasp\renders\anim\move_021.png'
00:28.203  render           | Saved: 'C:\Users\the_j\Desktop\Juego\DungeonParty-A\game\tools\blender\wasp\renders\anim\move_023.png'
00:28.859  render           | Saved: 'C:\Users\the_j\Desktop\Juego\DungeonParty-A\game\tools\blender\wasp\renders\anim\move_025.png'
00:29.625  render           | Saved: 'C:\Users\the_j\Desktop\Juego\DungeonParty-A\game\tools\blender\wasp\renders\anim\move_027.png'
00:30.344  render           | Saved: 'C:\Users\the_j\Desktop\Juego\DungeonParty-A\game\tools\blender\wasp\renders\anim\move_029.png'
00:31.047  render           | Saved: 'C:\Users\the_j\Desktop\Juego\DungeonParty-A\game\tools\blender\wasp\renders\anim\move_031.png'
00:31.797  render           | Saved: 'C:\Users\the_j\Desktop\Juego\DungeonParty-A\game\tools\blender\wasp\renders\anim\move_033.png'
00:32.500  render           | Saved: 'C:\Users\the_j\Desktop\Juego\DungeonParty-A\game\tools\blender\wasp\renders\anim\move_035.png'
00:33.078  render           | Saved: 'C:\Users\the_j\Desktop\Juego\DungeonParty-A\game\tools\blender\wasp\renders\anim\attack_001.png'
00:33.641  render           | Saved: 'C:\Users\the_j\Desktop\Juego\DungeonParty-A\game\tools\blender\wasp\renders\anim\attack_003.png'
00:34.172  render           | Saved: 'C:\Users\the_j\Desktop\Juego\DungeonParty-A\game\tools\blender\wasp\renders\anim\attack_005.png'
00:34.672  render           | Saved: 'C:\Users\the_j\Desktop\Juego\DungeonParty-A\game\tools\blender\wasp\renders\anim\attack_007.png'
00:35.188  render           | Saved: 'C:\Users\the_j\Desktop\Juego\DungeonParty-A\game\tools\blender\wasp\renders\anim\attack_009.png'
00:35.703  render           | Saved: 'C:\Users\the_j\Desktop\Juego\DungeonParty-A\game\tools\blender\wasp\renders\anim\attack_011.png'
00:36.234  render           | Saved: 'C:\Users\the_j\Desktop\Juego\DungeonParty-A\game\tools\blender\wasp\renders\anim\attack_013.png'
00:36.766  render           | Saved: 'C:\Users\the_j\Desktop\Juego\DungeonParty-A\game\tools\blender\wasp\renders\anim\attack_015.png'
00:37.359  render           | Saved: 'C:\Users\the_j\Desktop\Juego\DungeonParty-A\game\tools\blender\wasp\renders\anim\attack_017.png'
00:37.891  render           | Saved: 'C:\Users\the_j\Desktop\Juego\DungeonParty-A\game\tools\blender\wasp\renders\anim\attack_019.png'
00:38.422  render           | Saved: 'C:\Users\the_j\Desktop\Juego\DungeonParty-A\game\tools\blender\wasp\renders\anim\attack_021.png'
00:38.984  render           | Saved: 'C:\Users\the_j\Desktop\Juego\DungeonParty-A\game\tools\blender\wasp\renders\anim\attack_023.png'
00:39.531  render           | Saved: 'C:\Users\the_j\Desktop\Juego\DungeonParty-A\game\tools\blender\wasp\renders\anim\attack_025.png'
00:40.047  render           | Saved: 'C:\Users\the_j\Desktop\Juego\DungeonParty-A\game\tools\blender\wasp\renders\anim\hit_001.png'
00:40.625  render           | Saved: 'C:\Users\the_j\Desktop\Juego\DungeonParty-A\game\tools\blender\wasp\renders\anim\hit_003.png'
00:41.172  render           | Saved: 'C:\Users\the_j\Desktop\Juego\DungeonParty-A\game\tools\blender\wasp\renders\anim\hit_005.png'
00:41.703  render           | Saved: 'C:\Users\the_j\Desktop\Juego\DungeonParty-A\game\tools\blender\wasp\renders\anim\hit_007.png'
00:42.219  render           | Saved: 'C:\Users\the_j\Desktop\Juego\DungeonParty-A\game\tools\blender\wasp\renders\anim\hit_009.png'
00:42.766  render           | Saved: 'C:\Users\the_j\Desktop\Juego\DungeonParty-A\game\tools\blender\wasp\renders\anim\hit_011.png'
00:43.281  render           | Saved: 'C:\Users\the_j\Desktop\Juego\DungeonParty-A\game\tools\blender\wasp\renders\anim\death_001.png'
00:43.766  render           | Saved: 'C:\Users\the_j\Desktop\Juego\DungeonParty-A\game\tools\blender\wasp\renders\anim\death_003.png'
00:44.266  render           | Saved: 'C:\Users\the_j\Desktop\Juego\DungeonParty-A\game\tools\blender\wasp\renders\anim\death_005.png'
00:44.750  render           | Saved: 'C:\Users\the_j\Desktop\Juego\DungeonParty-A\game\tools\blender\wasp\renders\anim\death_007.png'
00:45.250  render           | Saved: 'C:\Users\the_j\Desktop\Juego\DungeonParty-A\game\tools\blender\wasp\renders\anim\death_009.png'
00:45.734  render           | Saved: 'C:\Users\the_j\Desktop\Juego\DungeonParty-A\game\tools\blender\wasp\renders\anim\death_011.png'
00:46.234  render           | Saved: 'C:\Users\the_j\Desktop\Juego\DungeonParty-A\game\tools\blender\wasp\renders\anim\death_013.png'
00:46.734  render           | Saved: 'C:\Users\the_j\Desktop\Juego\DungeonParty-A\game\tools\blender\wasp\renders\anim\death_015.png'
00:47.234  render           | Saved: 'C:\Users\the_j\Desktop\Juego\DungeonParty-A\game\tools\blender\wasp\renders\anim\death_017.png'
00:47.734  render           | Saved: 'C:\Users\the_j\Desktop\Juego\DungeonParty-A\game\tools\blender\wasp\renders\anim\death_019.png'
00:48.234  render           | Saved: 'C:\Users\the_j\Desktop\Juego\DungeonParty-A\game\tools\blender\wasp\renders\anim\death_021.png'
00:48.734  render           | Saved: 'C:\Users\the_j\Desktop\Juego\DungeonParty-A\game\tools\blender\wasp\renders\anim\death_023.png'
00:49.219  render           | Saved: 'C:\Users\the_j\Desktop\Juego\DungeonParty-A\game\tools\blender\wasp\renders\anim\death_025.png'
00:49.719  render           | Saved: 'C:\Users\the_j\Desktop\Juego\DungeonParty-A\game\tools\blender\wasp\renders\anim\death_027.png'
00:50.203  render           | Saved: 'C:\Users\the_j\Desktop\Juego\DungeonParty-A\game\tools\blender\wasp\renders\anim\death_029.png'
00:50.688  render           | Saved: 'C:\Users\the_j\Desktop\Juego\DungeonParty-A\game\tools\blender\wasp\renders\anim\death_031.png'
00:51.422  render           | Saved: 'C:\Users\the_j\Desktop\Juego\DungeonParty-A\game\tools\blender\wasp\renders\wasp_hero.png'
BlenderMCP: cannot start server in background mode (blender -b) - commands would never execute
BlenderMCP: run Blender with a GUI, or use a virtual display: xvfb-run -a blender
BlenderMCP addon registered
BlenderMCP server stopped
BlenderMCP addon unregistered
[wasp] frames idle-loop
[wasp] frames move-loop
[wasp] frames attack
[wasp] frames hit
[wasp] frames death
Info: Saved as "wasp_wip.blend"
INFO Draco mesh compression is available, use library at C:\Users\the_j\blender\blender-5.1.2-windows-x64\5.1\scripts\addons_core\io_scene_gltf2\extern_draco.dll
13:45:01 | INFO: Starting glTF 2.0 export
13:45:01 | INFO: Extracting primitive: Sphere
13:45:01 | INFO: Primitives created: 2
13:45:01 | INFO: Extracting primitive: wasp_wings_mesh
13:45:01 | INFO: Primitives created: 1
13:45:01 | INFO: Finished glTF 2.0 export in 0.08771610260009766 s

[wasp] DONE
Blender 5.1.2 (hash ec6e62d40fa9 built 2026-05-19 01:37:34)

Blender quit
