C:\Users\the_j\Desktop\Juego\DungeonParty-A\game\tools\blender\golem_floating\build_golem.py:133: DeprecationWarning: 'Material.use_nodes' is expected to be removed in Blender 6.0
  m.use_nodes = True
C:\Users\the_j\Desktop\Juego\DungeonParty-A\game\tools\blender\golem_floating\build_golem.py:146: DeprecationWarning: 'Material.use_nodes' is expected to be removed in Blender 6.0
  m.use_nodes = True
C:\Users\the_j\Desktop\Juego\DungeonParty-A\game\tools\blender\golem_floating\build_golem.py:480: DeprecationWarning: 'World.use_nodes' is expected to be removed in Blender 6.0
  world.use_nodes = True
00:02.672  render           | Saved: 'C:\Users\the_j\Desktop\Juego\DungeonParty-A\game\tools\blender\golem_floating\renders\anim\idle_001.png'
00:03.156  render           | Saved: 'C:\Users\the_j\Desktop\Juego\DungeonParty-A\game\tools\blender\golem_floating\renders\anim\idle_003.png'
00:03.656  render           | Saved: 'C:\Users\the_j\Desktop\Juego\DungeonParty-A\game\tools\blender\golem_floating\renders\anim\idle_005.png'
00:04.141  render           | Saved: 'C:\Users\the_j\Desktop\Juego\DungeonParty-A\game\tools\blender\golem_floating\renders\anim\idle_007.png'
00:04.625  render           | Saved: 'C:\Users\the_j\Desktop\Juego\DungeonParty-A\game\tools\blender\golem_floating\renders\anim\idle_009.png'
00:05.110  render           | Saved: 'C:\Users\the_j\Desktop\Juego\DungeonParty-A\game\tools\blender\golem_floating\renders\anim\idle_011.png'
00:05.625  render           | Saved: 'C:\Users\the_j\Desktop\Juego\DungeonParty-A\game\tools\blender\golem_floating\renders\anim\idle_013.png'
00:06.110  render           | Saved: 'C:\Users\the_j\Desktop\Juego\DungeonParty-A\game\tools\blender\golem_floating\renders\anim\idle_015.png'
00:06.594  render           | Saved: 'C:\Users\the_j\Desktop\Juego\DungeonParty-A\game\tools\blender\golem_floating\renders\anim\idle_017.png'
00:07.078  render           | Saved: 'C:\Users\the_j\Desktop\Juego\DungeonParty-A\game\tools\blender\golem_floating\renders\anim\idle_019.png'
00:07.610  render           | Saved: 'C:\Users\the_j\Desktop\Juego\DungeonParty-A\game\tools\blender\golem_floating\renders\anim\idle_021.png'
00:08.094  render           | Saved: 'C:\Users\the_j\Desktop\Juego\DungeonParty-A\game\tools\blender\golem_floating\renders\anim\idle_023.png'
00:08.594  render           | Saved: 'C:\Users\the_j\Desktop\Juego\DungeonParty-A\game\tools\blender\golem_floating\renders\anim\idle_025.png'
00:09.094  render           | Saved: 'C:\Users\the_j\Desktop\Juego\DungeonParty-A\game\tools\blender\golem_floating\renders\anim\idle_027.png'
00:09.610  render           | Saved: 'C:\Users\the_j\Desktop\Juego\DungeonParty-A\game\tools\blender\golem_floating\renders\anim\idle_029.png'
00:10.094  render           | Saved: 'C:\Users\the_j\Desktop\Juego\DungeonParty-A\game\tools\blender\golem_floating\renders\anim\idle_031.png'
00:10.594  render           | Saved: 'C:\Users\the_j\Desktop\Juego\DungeonParty-A\game\tools\blender\golem_floating\renders\anim\idle_033.png'
00:11.094  render           | Saved: 'C:\Users\the_j\Desktop\Juego\DungeonParty-A\game\tools\blender\golem_floating\renders\anim\idle_035.png'
00:11.594  render           | Saved: 'C:\Users\the_j\Desktop\Juego\DungeonParty-A\game\tools\blender\golem_floating\renders\anim\idle_037.png'
00:12.094  render           | Saved: 'C:\Users\the_j\Desktop\Juego\DungeonParty-A\game\tools\blender\golem_floating\renders\anim\idle_039.png'
00:12.610  render           | Saved: 'C:\Users\the_j\Desktop\Juego\DungeonParty-A\game\tools\blender\golem_floating\renders\anim\idle_041.png'
00:13.110  render           | Saved: 'C:\Users\the_j\Desktop\Juego\DungeonParty-A\game\tools\blender\golem_floating\renders\anim\idle_043.png'
00:13.594  render           | Saved: 'C:\Users\the_j\Desktop\Juego\DungeonParty-A\game\tools\blender\golem_floating\renders\anim\idle_045.png'
00:14.078  render           | Saved: 'C:\Users\the_j\Desktop\Juego\DungeonParty-A\game\tools\blender\golem_floating\renders\anim\idle_047.png'
00:14.578  render           | Saved: 'C:\Users\the_j\Desktop\Juego\DungeonParty-A\game\tools\blender\golem_floating\renders\anim\idle_049.png'
00:15.063  render           | Saved: 'C:\Users\the_j\Desktop\Juego\DungeonParty-A\game\tools\blender\golem_floating\renders\anim\idle_051.png'
00:15.547  render           | Saved: 'C:\Users\the_j\Desktop\Juego\DungeonParty-A\game\tools\blender\golem_floating\renders\anim\idle_053.png'
00:16.031  render           | Saved: 'C:\Users\the_j\Desktop\Juego\DungeonParty-A\game\tools\blender\golem_floating\renders\anim\idle_055.png'
00:16.531  render           | Saved: 'C:\Users\the_j\Desktop\Juego\DungeonParty-A\game\tools\blender\golem_floating\renders\anim\idle_057.png'
00:17.016  render           | Saved: 'C:\Users\the_j\Desktop\Juego\DungeonParty-A\game\tools\blender\golem_floating\renders\anim\idle_059.png'
00:17.516  render           | Saved: 'C:\Users\the_j\Desktop\Juego\DungeonParty-A\game\tools\blender\golem_floating\renders\anim\idle_061.png'
00:18.000  render           | Saved: 'C:\Users\the_j\Desktop\Juego\DungeonParty-A\game\tools\blender\golem_floating\renders\anim\idle_063.png'
00:18.485  render           | Saved: 'C:\Users\the_j\Desktop\Juego\DungeonParty-A\game\tools\blender\golem_floating\renders\anim\idle_065.png'
00:18.985  render           | Saved: 'C:\Users\the_j\Desktop\Juego\DungeonParty-A\game\tools\blender\golem_floating\renders\anim\idle_067.png'
00:19.485  render           | Saved: 'C:\Users\the_j\Desktop\Juego\DungeonParty-A\game\tools\blender\golem_floating\renders\anim\idle_069.png'
00:19.985  render           | Saved: 'C:\Users\the_j\Desktop\Juego\DungeonParty-A\game\tools\blender\golem_floating\renders\anim\idle_071.png'
00:20.500  render           | Saved: 'C:\Users\the_j\Desktop\Juego\DungeonParty-A\game\tools\blender\golem_floating\renders\anim\idle_073.png'
00:21.016  render           | Saved: 'C:\Users\the_j\Desktop\Juego\DungeonParty-A\game\tools\blender\golem_floating\renders\anim\idle_075.png'
00:21.500  render           | Saved: 'C:\Users\the_j\Desktop\Juego\DungeonParty-A\game\tools\blender\golem_floating\renders\anim\idle_077.png'
00:21.985  render           | Saved: 'C:\Users\the_j\Desktop\Juego\DungeonParty-A\game\tools\blender\golem_floating\renders\anim\idle_079.png'
00:22.485  render           | Saved: 'C:\Users\the_j\Desktop\Juego\DungeonParty-A\game\tools\blender\golem_floating\renders\anim\idle_081.png'
00:22.953  render           | Saved: 'C:\Users\the_j\Desktop\Juego\DungeonParty-A\game\tools\blender\golem_floating\renders\anim\idle_083.png'
00:23.391  render           | Saved: 'C:\Users\the_j\Desktop\Juego\DungeonParty-A\game\tools\blender\golem_floating\renders\anim\idle_085.png'
00:23.828  render           | Saved: 'C:\Users\the_j\Desktop\Juego\DungeonParty-A\game\tools\blender\golem_floating\renders\anim\idle_087.png'
00:24.250  render           | Saved: 'C:\Users\the_j\Desktop\Juego\DungeonParty-A\game\tools\blender\golem_floating\renders\anim\idle_089.png'
00:24.688  render           | Saved: 'C:\Users\the_j\Desktop\Juego\DungeonParty-A\game\tools\blender\golem_floating\renders\anim\idle_091.png'
00:25.078  render           | Saved: 'C:\Users\the_j\Desktop\Juego\DungeonParty-A\game\tools\blender\golem_floating\renders\anim\idle_093.png'
00:25.453  render           | Saved: 'C:\Users\the_j\Desktop\Juego\DungeonParty-A\game\tools\blender\golem_floating\renders\anim\idle_095.png'
00:25.813  render           | Saved: 'C:\Users\the_j\Desktop\Juego\DungeonParty-A\game\tools\blender\golem_floating\renders\anim\move_001.png'
00:26.188  render           | Saved: 'C:\Users\the_j\Desktop\Juego\DungeonParty-A\game\tools\blender\golem_floating\renders\anim\move_003.png'
00:26.563  render           | Saved: 'C:\Users\the_j\Desktop\Juego\DungeonParty-A\game\tools\blender\golem_floating\renders\anim\move_005.png'
00:26.922  render           | Saved: 'C:\Users\the_j\Desktop\Juego\DungeonParty-A\game\tools\blender\golem_floating\renders\anim\move_007.png'
00:27.297  render           | Saved: 'C:\Users\the_j\Desktop\Juego\DungeonParty-A\game\tools\blender\golem_floating\renders\anim\move_009.png'
00:27.672  render           | Saved: 'C:\Users\the_j\Desktop\Juego\DungeonParty-A\game\tools\blender\golem_floating\renders\anim\move_011.png'
00:28.063  render           | Saved: 'C:\Users\the_j\Desktop\Juego\DungeonParty-A\game\tools\blender\golem_floating\renders\anim\move_013.png'
00:28.485  render           | Saved: 'C:\Users\the_j\Desktop\Juego\DungeonParty-A\game\tools\blender\golem_floating\renders\anim\move_015.png'
00:28.906  render           | Saved: 'C:\Users\the_j\Desktop\Juego\DungeonParty-A\game\tools\blender\golem_floating\renders\anim\move_017.png'
00:29.313  render           | Saved: 'C:\Users\the_j\Desktop\Juego\DungeonParty-A\game\tools\blender\golem_floating\renders\anim\move_019.png'
00:29.750  render           | Saved: 'C:\Users\the_j\Desktop\Juego\DungeonParty-A\game\tools\blender\golem_floating\renders\anim\move_021.png'
00:30.172  render           | Saved: 'C:\Users\the_j\Desktop\Juego\DungeonParty-A\game\tools\blender\golem_floating\renders\anim\move_023.png'
00:30.610  render           | Saved: 'C:\Users\the_j\Desktop\Juego\DungeonParty-A\game\tools\blender\golem_floating\renders\anim\move_025.png'
00:31.016  render           | Saved: 'C:\Users\the_j\Desktop\Juego\DungeonParty-A\game\tools\blender\golem_floating\renders\anim\move_027.png'
00:31.438  render           | Saved: 'C:\Users\the_j\Desktop\Juego\DungeonParty-A\game\tools\blender\golem_floating\renders\anim\move_029.png'
00:31.875  render           | Saved: 'C:\Users\the_j\Desktop\Juego\DungeonParty-A\game\tools\blender\golem_floating\renders\anim\move_031.png'
00:32.297  render           | Saved: 'C:\Users\the_j\Desktop\Juego\DungeonParty-A\game\tools\blender\golem_floating\renders\anim\move_033.png'
00:32.719  render           | Saved: 'C:\Users\the_j\Desktop\Juego\DungeonParty-A\game\tools\blender\golem_floating\renders\anim\move_035.png'
00:33.156  render           | Saved: 'C:\Users\the_j\Desktop\Juego\DungeonParty-A\game\tools\blender\golem_floating\renders\anim\move_037.png'
00:33.578  render           | Saved: 'C:\Users\the_j\Desktop\Juego\DungeonParty-A\game\tools\blender\golem_floating\renders\anim\move_039.png'
00:34.000  render           | Saved: 'C:\Users\the_j\Desktop\Juego\DungeonParty-A\game\tools\blender\golem_floating\renders\anim\move_041.png'
00:34.422  render           | Saved: 'C:\Users\the_j\Desktop\Juego\DungeonParty-A\game\tools\blender\golem_floating\renders\anim\move_043.png'
00:34.813  render           | Saved: 'C:\Users\the_j\Desktop\Juego\DungeonParty-A\game\tools\blender\golem_floating\renders\anim\move_045.png'
00:35.203  render           | Saved: 'C:\Users\the_j\Desktop\Juego\DungeonParty-A\game\tools\blender\golem_floating\renders\anim\move_047.png'
00:35.610  render           | Saved: 'C:\Users\the_j\Desktop\Juego\DungeonParty-A\game\tools\blender\golem_floating\renders\anim\attack_001.png'
00:36.016  render           | Saved: 'C:\Users\the_j\Desktop\Juego\DungeonParty-A\game\tools\blender\golem_floating\renders\anim\attack_003.png'
00:36.422  render           | Saved: 'C:\Users\the_j\Desktop\Juego\DungeonParty-A\game\tools\blender\golem_floating\renders\anim\attack_005.png'
00:36.828  render           | Saved: 'C:\Users\the_j\Desktop\Juego\DungeonParty-A\game\tools\blender\golem_floating\renders\anim\attack_007.png'
00:37.219  render           | Saved: 'C:\Users\the_j\Desktop\Juego\DungeonParty-A\game\tools\blender\golem_floating\renders\anim\attack_009.png'
00:37.594  render           | Saved: 'C:\Users\the_j\Desktop\Juego\DungeonParty-A\game\tools\blender\golem_floating\renders\anim\attack_011.png'
00:37.969  render           | Saved: 'C:\Users\the_j\Desktop\Juego\DungeonParty-A\game\tools\blender\golem_floating\renders\anim\attack_013.png'
00:38.344  render           | Saved: 'C:\Users\the_j\Desktop\Juego\DungeonParty-A\game\tools\blender\golem_floating\renders\anim\attack_015.png'
00:38.719  render           | Saved: 'C:\Users\the_j\Desktop\Juego\DungeonParty-A\game\tools\blender\golem_floating\renders\anim\attack_017.png'
00:39.094  render           | Saved: 'C:\Users\the_j\Desktop\Juego\DungeonParty-A\game\tools\blender\golem_floating\renders\anim\attack_019.png'
00:39.469  render           | Saved: 'C:\Users\the_j\Desktop\Juego\DungeonParty-A\game\tools\blender\golem_floating\renders\anim\attack_021.png'
00:39.844  render           | Saved: 'C:\Users\the_j\Desktop\Juego\DungeonParty-A\game\tools\blender\golem_floating\renders\anim\attack_023.png'
00:40.219  render           | Saved: 'C:\Users\the_j\Desktop\Juego\DungeonParty-A\game\tools\blender\golem_floating\renders\anim\attack_025.png'
00:40.594  render           | Saved: 'C:\Users\the_j\Desktop\Juego\DungeonParty-A\game\tools\blender\golem_floating\renders\anim\attack_027.png'
00:40.969  render           | Saved: 'C:\Users\the_j\Desktop\Juego\DungeonParty-A\game\tools\blender\golem_floating\renders\anim\attack_029.png'
00:41.344  render           | Saved: 'C:\Users\the_j\Desktop\Juego\DungeonParty-A\game\tools\blender\golem_floating\renders\anim\attack_031.png'
00:41.719  render           | Saved: 'C:\Users\the_j\Desktop\Juego\DungeonParty-A\game\tools\blender\golem_floating\renders\anim\attack_033.png'
00:42.094  render           | Saved: 'C:\Users\the_j\Desktop\Juego\DungeonParty-A\game\tools\blender\golem_floating\renders\anim\attack_035.png'
00:42.469  render           | Saved: 'C:\Users\the_j\Desktop\Juego\DungeonParty-A\game\tools\blender\golem_floating\renders\anim\hit_001.png'
00:42.828  render           | Saved: 'C:\Users\the_j\Desktop\Juego\DungeonParty-A\game\tools\blender\golem_floating\renders\anim\hit_003.png'
00:43.219  render           | Saved: 'C:\Users\the_j\Desktop\Juego\DungeonParty-A\game\tools\blender\golem_floating\renders\anim\hit_005.png'
00:43.578  render           | Saved: 'C:\Users\the_j\Desktop\Juego\DungeonParty-A\game\tools\blender\golem_floating\renders\anim\hit_007.png'
00:43.969  render           | Saved: 'C:\Users\the_j\Desktop\Juego\DungeonParty-A\game\tools\blender\golem_floating\renders\anim\hit_009.png'
00:44.360  render           | Saved: 'C:\Users\the_j\Desktop\Juego\DungeonParty-A\game\tools\blender\golem_floating\renders\anim\hit_011.png'
00:44.735  render           | Saved: 'C:\Users\the_j\Desktop\Juego\DungeonParty-A\game\tools\blender\golem_floating\renders\anim\hit_013.png'
00:45.110  render           | Saved: 'C:\Users\the_j\Desktop\Juego\DungeonParty-A\game\tools\blender\golem_floating\renders\anim\hit_015.png'
00:45.485  render           | Saved: 'C:\Users\the_j\Desktop\Juego\DungeonParty-A\game\tools\blender\golem_floating\renders\anim\death_001.png'
00:45.875  render           | Saved: 'C:\Users\the_j\Desktop\Juego\DungeonParty-A\game\tools\blender\golem_floating\renders\anim\death_003.png'
00:46.250  render           | Saved: 'C:\Users\the_j\Desktop\Juego\DungeonParty-A\game\tools\blender\golem_floating\renders\anim\death_005.png'
00:46.625  render           | Saved: 'C:\Users\the_j\Desktop\Juego\DungeonParty-A\game\tools\blender\golem_floating\renders\anim\death_007.png'
00:46.985  render           | Saved: 'C:\Users\the_j\Desktop\Juego\DungeonParty-A\game\tools\blender\golem_floating\renders\anim\death_009.png'
00:47.360  render           | Saved: 'C:\Users\the_j\Desktop\Juego\DungeonParty-A\game\tools\blender\golem_floating\renders\anim\death_011.png'
00:47.735  render           | Saved: 'C:\Users\the_j\Desktop\Juego\DungeonParty-A\game\tools\blender\golem_floating\renders\anim\death_013.png'
00:48.110  render           | Saved: 'C:\Users\the_j\Desktop\Juego\DungeonParty-A\game\tools\blender\golem_floating\renders\anim\death_015.png'
00:48.469  render           | Saved: 'C:\Users\the_j\Desktop\Juego\DungeonParty-A\game\tools\blender\golem_floating\renders\anim\death_017.png'
00:48.844  render           | Saved: 'C:\Users\the_j\Desktop\Juego\DungeonParty-A\game\tools\blender\golem_floating\renders\anim\death_019.png'
00:49.219  render           | Saved: 'C:\Users\the_j\Desktop\Juego\DungeonParty-A\game\tools\blender\golem_floating\renders\anim\death_021.png'
00:49.578  render           | Saved: 'C:\Users\the_j\Desktop\Juego\DungeonParty-A\game\tools\blender\golem_floating\renders\anim\death_023.png'
00:49.953  render           | Saved: 'C:\Users\the_j\Desktop\Juego\DungeonParty-A\game\tools\blender\golem_floating\renders\anim\death_025.png'
00:50.328  render           | Saved: 'C:\Users\the_j\Desktop\Juego\DungeonParty-A\game\tools\blender\golem_floating\renders\anim\death_027.png'
00:50.703  render           | Saved: 'C:\Users\the_j\Desktop\Juego\DungeonParty-A\game\tools\blender\golem_floating\renders\anim\death_029.png'
00:51.063  render           | Saved: 'C:\Users\the_j\Desktop\Juego\DungeonParty-A\game\tools\blender\golem_floating\renders\anim\death_031.png'
00:51.438  render           | Saved: 'C:\Users\the_j\Desktop\Juego\DungeonParty-A\game\tools\blender\golem_floating\renders\anim\death_033.png'
00:51.813  render           | Saved: 'C:\Users\the_j\Desktop\Juego\DungeonParty-A\game\tools\blender\golem_floating\renders\anim\death_035.png'
00:52.172  render           | Saved: 'C:\Users\the_j\Desktop\Juego\DungeonParty-A\game\tools\blender\golem_floating\renders\anim\death_037.png'
00:52.547  render           | Saved: 'C:\Users\the_j\Desktop\Juego\DungeonParty-A\game\tools\blender\golem_floating\renders\anim\death_039.png'
00:52.906  render           | Saved: 'C:\Users\the_j\Desktop\Juego\DungeonParty-A\game\tools\blender\golem_floating\renders\anim\death_041.png'
00:53.266  render           | Saved: 'C:\Users\the_j\Desktop\Juego\DungeonParty-A\game\tools\blender\golem_floating\renders\anim\death_043.png'
00:53.625  render           | Saved: 'C:\Users\the_j\Desktop\Juego\DungeonParty-A\game\tools\blender\golem_floating\renders\anim\death_045.png'
00:53.985  render           | Saved: 'C:\Users\the_j\Desktop\Juego\DungeonParty-A\game\tools\blender\golem_floating\renders\anim\death_047.png'
00:54.344  render           | Saved: 'C:\Users\the_j\Desktop\Juego\DungeonParty-A\game\tools\blender\golem_floating\renders\anim\death_049.png'
00:54.703  render           | Saved: 'C:\Users\the_j\Desktop\Juego\DungeonParty-A\game\tools\blender\golem_floating\renders\anim\death_051.png'
00:55.063  render           | Saved: 'C:\Users\the_j\Desktop\Juego\DungeonParty-A\game\tools\blender\golem_floating\renders\anim\death_053.png'
00:55.422  render           | Saved: 'C:\Users\the_j\Desktop\Juego\DungeonParty-A\game\tools\blender\golem_floating\renders\anim\death_055.png'
00:55.781  render           | Saved: 'C:\Users\the_j\Desktop\Juego\DungeonParty-A\game\tools\blender\golem_floating\renders\anim\death_057.png'
00:56.141  render           | Saved: 'C:\Users\the_j\Desktop\Juego\DungeonParty-A\game\tools\blender\golem_floating\renders\anim\death_059.png'
00:56.500  render           | Saved: 'C:\Users\the_j\Desktop\Juego\DungeonParty-A\game\tools\blender\golem_floating\renders\anim\death_061.png'
00:56.860  render           | Saved: 'C:\Users\the_j\Desktop\Juego\DungeonParty-A\game\tools\blender\golem_floating\renders\anim\death_063.png'
00:57.203  render           | Saved: 'C:\Users\the_j\Desktop\Juego\DungeonParty-A\game\tools\blender\golem_floating\renders\anim\death_065.png'
00:57.578  render           | Saved: 'C:\Users\the_j\Desktop\Juego\DungeonParty-A\game\tools\blender\golem_floating\renders\anim\death_067.png'
00:57.938  render           | Saved: 'C:\Users\the_j\Desktop\Juego\DungeonParty-A\game\tools\blender\golem_floating\renders\anim\death_069.png'
00:58.360  render           | Saved: 'C:\Users\the_j\Desktop\Juego\DungeonParty-A\game\tools\blender\golem_floating\renders\anim\death_071.png'
00:59.016  render           | Saved: 'C:\Users\the_j\Desktop\Juego\DungeonParty-A\game\tools\blender\golem_floating\renders\golem_hero.png'
BlenderMCP: cannot start server in background mode (blender -b) - commands would never execute
BlenderMCP: run Blender with a GUI, or use a virtual display: xvfb-run -a blender
BlenderMCP addon registered
BlenderMCP server stopped
BlenderMCP addon unregistered
[golem] frames idle-loop
[golem] frames move-loop
[golem] frames attack
[golem] frames hit
[golem] frames death
Info: Saved as "golem_wip.blend"
INFO Draco mesh compression is available, use library at C:\Users\the_j\blender\blender-5.1.2-windows-x64\5.1\scripts\addons_core\io_scene_gltf2\extern_draco.dll
13:47:15 | INFO: Starting glTF 2.0 export
13:47:15 | INFO: Extracting primitive: core_base
13:47:15 | INFO: Primitives created: 1
13:47:15 | INFO: Extracting primitive: core_midL
13:47:15 | INFO: Primitives created: 1
13:47:15 | INFO: Extracting primitive: core_midR
13:47:15 | INFO: Primitives created: 1
13:47:15 | INFO: Extracting primitive: core_head
13:47:15 | INFO: Primitives created: 1
13:47:15 | INFO: Extracting primitive: shoulder_L
13:47:15 | INFO: Primitives created: 1
13:47:15 | INFO: Extracting primitive: shoulder_R
13:47:15 | INFO: Primitives created: 1
13:47:15 | INFO: Extracting primitive: fist_L
13:47:15 | INFO: Primitives created: 1
13:47:15 | INFO: Extracting primitive: fist_R
13:47:15 | INFO: Primitives created: 1
13:47:15 | INFO: Extracting primitive: crown_A
13:47:15 | INFO: Primitives created: 1
13:47:15 | INFO: Extracting primitive: crown_B
13:47:15 | INFO: Primitives created: 1
13:47:15 | INFO: Extracting primitive: crown_C
13:47:15 | INFO: Primitives created: 1
13:47:15 | INFO: Extracting primitive: golem_core_glow
13:47:15 | INFO: Primitives created: 1
13:47:16 | INFO: Finished glTF 2.0 export in 0.93011474609375 s

[golem] DONE
Blender 5.1.2 (hash ec6e62d40fa9 built 2026-05-19 01:37:34)

Blender quit
